// Jest Snapshot v1, https://jestjs.io/docs/snapshot-testing

exports[`CategoryNav renders correctly on first step 1`] = `
.c0 {
  display: flex;
  flex-direction: column;
  gap: var(--space-1);
  list-style: none;
  margin: 0;
  padding: 0;
}

.c1 {
  width: 100%;
  text-align: left;
  display: flex;
  align-items: center;
  gap: var(--space-3);
  padding: var(--space-3) var(--space-4);
  border-radius: var(--radius-lg);
  font-size: var(--font-size-base);
  border: none;
  transition: background var(--transition-fast),color var(--transition-fast);
  cursor: pointer;
  opacity: 1;
  background: var(--color-action-bg);
  color: var(--color-action-text);
}

.c4 {
  width: 100%;
  text-align: left;
  display: flex;
  align-items: center;
  gap: var(--space-3);
  padding: var(--space-3) var(--space-4);
  border-radius: var(--radius-lg);
  font-size: var(--font-size-base);
  border: none;
  transition: background var(--transition-fast),color var(--transition-fast);
  cursor: not-allowed;
  opacity: 0.5;
  background: transparent;
  color: var(--color-text-muted);
}

.c2 {
  width: 24px;
  height: 24px;
  border-radius: 50%;
  display: flex;
  align-items: center;
  justify-content: center;
  font-size: var(--font-size-sm);
  font-weight: var(--font-weight-medium);
  flex-shrink: 0;
  background: var(--color-brand-rose);
  color: white;
}

.c5 {
  width: 24px;
  height: 24px;
  border-radius: 50%;
  display: flex;
  align-items: center;
  justify-content: center;
  font-size: var(--font-size-sm);
  font-weight: var(--font-weight-medium);
  flex-shrink: 0;
  background: var(--color-border);
  color: var(--color-text-muted);
}

.c3 {
  font-weight: var(--font-weight-medium);
}

<div>
  <nav
    aria-label="Configuration steps"
  >
    <ol
      class="c0"
    >
      <li>
        <button
          aria-current="step"
          aria-disabled="false"
          class="c1"
        >
          <span
            aria-hidden="true"
            class="c2"
          >
            1
          </span>
          <span
            class="c3"
          >
            Base
          </span>
        </button>
      </li>
      <li>
        <button
          aria-disabled="true"
          class="c4"
          disabled=""
        >
          <span
            aria-hidden="true"
            class="c5"
          >
            2
          </span>
          <span
            class="c3"
          >
            Eyes
          </span>
        </button>
      </li>
      <li>
        <button
          aria-disabled="true"
          class="c4"
          disabled=""
        >
          <span
            aria-hidden="true"
            class="c5"
          >
            3
          </span>
          <span
            class="c3"
          >
            Lips
          </span>
        </button>
      </li>
    </ol>
  </nav>
</div>
`;
