// Jest Snapshot v1, https://goo.gl/fbAQLP

exports[`LookCard renders correctly 1`] = `
.c0 {
  display: flex;
  flex-direction: column;
  width: 100%;
  border-radius: 24px;
  overflow: hidden;
  background: var(--color-surface);
  border: 1px solid var(--color-border);
  transition: border-color 0.3s,box-shadow 0.3s;
}

.c0:hover {
  border-color: var(--color-border-strong);
  box-shadow: 0 8px 24px color-mix(in srgb, var(--color-brand-rose) 8%, transparent);
}

.c1 {
  aspect-ratio: 3/2;
  position: relative;
  overflow: hidden;
}

.c2 {
  width: 100%;
  height: 100%;
  background: linear-gradient(     135deg,     var(--color-brand-rose-light),     var(--color-surface-alt),     color-mix(in srgb, var(--color-brand-gold) 30%, transparent)   );
  display: flex;
  align-items: center;
  justify-content: center;
}

.c3 {
  color: color-mix(in srgb, var(--color-brand-rose) 40%, transparent);
  font-size: 72px;
  font-family: var(--font-heading);
  font-style: italic;
  user-select: none;
}

.c4 {
  position: absolute;
  bottom: 12px;
  left: 12px;
  display: flex;
  flex-wrap: wrap;
  gap: 6px;
}

.c5 {
  font-size: 10px;
  font-weight: 500;
  text-transform: uppercase;
  letter-spacing: 0.12em;
  padding: 2px 8px;
  border-radius: 99px;
  background: color-mix(in srgb, var(--color-surface) 80%, transparent);
  backdrop-filter: blur(4px);
  color: var(--color-text-secondary);
}

.c6 {
  display: flex;
  flex-direction: column;
  gap: 12px;
  padding: 24px;
  flex: 1;
}

.c7 {
  font-family: var(--font-heading);
  font-size: 24px;
  font-weight: 300;
  color: var(--color-text-primary);
  line-height: 1.2;
}

.c8 {
  font-size: 14px;
  color: var(--color-text-secondary);
  flex: 1;
  line-height: 1.6;
}

.c9 {
  margin-top: 12px;
  display: inline-flex;
  align-items: center;
  justify-content: center;
  gap: 8px;
  border-radius: 16px;
  background: var(--color-action-bg);
  color: var(--color-action-text);
  font-size: 14px;
  font-weight: 500;
  padding: 12px 20px;
  text-decoration: none;
  transition: background 0.2s;
}

.c9:hover {
  background: var(--color-action-bg-hover);
}

.c9:focus-visible {
  outline: 2px solid var(--color-focus-ring);
  outline-offset: 3px;
}

<div>
  <article
    class="c0"
  >
    <div
      aria-label="Natural Glow — preview"
      class="c1"
      role="img"
    >
      <div
        class="c2"
      >
        <span
          aria-hidden="true"
          class="c3"
        >
          ✦
        </span>
      </div>
      <div
        class="c4"
      >
        <span
          class="c5"
        >
          everyday
        </span>
        <span
          class="c5"
        >
          fresh
        </span>
        <span
          class="c5"
        >
          minimal
        </span>
      </div>
    </div>
    <div
      class="c6"
    >
      <h2
        class="c7"
      >
        Natural Glow
      </h2>
      <p
        class="c8"
      >
        A fresh, everyday look that enhances your natural features
      </p>
      <a
        aria-label="cta — Natural Glow"
        class="c9"
        href="/en/configure/natural-glow"
      >
        cta
        <span
          aria-hidden="true"
        >
          →
        </span>
      </a>
    </div>
  </article>
</div>
`;
