// Jest Snapshot v1, https://goo.gl/fbAQLP

exports[`OptionGrid renders correctly with no selection 1`] = `
.c4 {
  width: 100%;
  height: 100%;
  display: flex;
  flex-direction: column;
  align-items: center;
  justify-content: center;
  background: linear-gradient(135deg, color-mix(in srgb, var(--color-brand-rose-light) 65%, var(--color-surface)), color-mix(in srgb, var(--color-brand-gold) 18%, var(--color-surface)));
  gap: 6px;
  user-select: none;
}

.c8 {
  width: 100%;
  height: 100%;
  display: flex;
  flex-direction: column;
  align-items: center;
  justify-content: center;
  background: linear-gradient(150deg, color-mix(in srgb, var(--color-brand-gold) 32%, var(--color-surface)), color-mix(in srgb, var(--color-brand-rose-light) 45%, var(--color-surface)));
  gap: 6px;
  user-select: none;
}

.c5 {
  font-family: var(--font-heading);
  font-style: italic;
  color: color-mix(in srgb, var(--color-brand-rose) 45%, transparent);
  line-height: 1;
  font-size: 28px;
}

.c0 {
  display: grid;
  grid-template-columns: repeat(1, 1fr);
  gap: 16px;
  list-style: none;
  margin: 0;
  padding: 0;
}

.c1 {
  display: flex;
}

.c2 {
  width: 100%;
  height: 100%;
  display: flex;
  flex-direction: column;
  text-align: left;
  border-radius: 24px;
  border: 2px solid var(--color-border);
  padding: 20px;
  background: var(--color-surface);
  box-shadow: none;
  transition: border-color 0.2s,background 0.2s,box-shadow 0.2s;
  cursor: pointer;
}

.c2:hover {
  border-color: var(--color-brand-rose);
  box-shadow: 0 1px 4px color-mix(in srgb, var(--color-brand-rose) 8%, transparent);
}

.c3 {
  aspect-ratio: 4/3;
  border-radius: 16px;
  margin-bottom: 16px;
  overflow: hidden;
  position: relative;
}

.c6 {
  font-family: var(--font-heading);
  font-size: 18px;
  line-height: 1.2;
  margin-bottom: 4px;
  transition: color 0.2s;
  color: var(--color-text-primary);
}

.c7 {
  font-size: 12px;
  color: var(--color-text-muted);
  line-height: 1.5;
  flex: 1;
}

@media (min-width: 640px) {
  .c0 {
    grid-template-columns: repeat(2, 1fr);
  }
}

@media (min-width: 1280px) {
  .c0 {
    grid-template-columns: repeat(3, 1fr);
  }
}

<div>
  <ul
    class="c0"
    role="listbox"
  >
    <li
      aria-selected="false"
      class="c1"
      role="option"
    >
      <button
        aria-pressed="false"
        class="c2"
      >
        <div
          aria-hidden="true"
          class="c3"
        >
          <div
            aria-hidden="true"
            class="c4"
          >
            <span
              class="c5"
            >
              ✦
            </span>
          </div>
        </div>
        <p
          class="c6"
        >
          Light Coverage
        </p>
        <p
          class="c7"
        >
          Lightweight, skin-like finish
        </p>
      </button>
    </li>
    <li
      aria-selected="false"
      class="c1"
      role="option"
    >
      <button
        aria-pressed="false"
        class="c2"
      >
        <div
          aria-hidden="true"
          class="c3"
        >
          <div
            aria-hidden="true"
            class="c8"
          >
            <span
              class="c5"
            >
              ✦
            </span>
          </div>
        </div>
        <p
          class="c6"
        >
          Medium Coverage
        </p>
        <p
          class="c7"
        >
          Balanced coverage with glow
        </p>
      </button>
    </li>
  </ul>
</div>
`;
